/usr/lib/python3/dist-packages/matplotlib/cbook/__init__.py:1402: FutureWarning: Support for multi-dimensional indexing (e.g. `obj[:, None]`) is deprecated and will be removed in a future version.  Convert to a numpy array before indexing instead.
  ndim = x[:, None].ndim
/usr/lib/python3/dist-packages/matplotlib/axes/_base.py:276: FutureWarning: Support for multi-dimensional indexing (e.g. `obj[:, None]`) is deprecated and will be removed in a future version.  Convert to a numpy array before indexing instead.
  x = x[:, np.newaxis]
/usr/lib/python3/dist-packages/matplotlib/axes/_base.py:278: FutureWarning: Support for multi-dimensional indexing (e.g. `obj[:, None]`) is deprecated and will be removed in a future version.  Convert to a numpy array before indexing instead.
  y = y[:, np.newaxis]
/usr/lib/python3/dist-packages/matplotlib/cbook/__init__.py:1402: FutureWarning: Support for multi-dimensional indexing (e.g. `obj[:, None]`) is deprecated and will be removed in a future version.  Convert to a numpy array before indexing instead.
  ndim = x[:, None].ndim
/usr/lib/python3/dist-packages/matplotlib/axes/_base.py:276: FutureWarning: Support for multi-dimensional indexing (e.g. `obj[:, None]`) is deprecated and will be removed in a future version.  Convert to a numpy array before indexing instead.
  x = x[:, np.newaxis]
/usr/lib/python3/dist-packages/matplotlib/axes/_base.py:278: FutureWarning: Support for multi-dimensional indexing (e.g. `obj[:, None]`) is deprecated and will be removed in a future version.  Convert to a numpy array before indexing instead.
  y = y[:, np.newaxis]
/usr/lib/python3/dist-packages/matplotlib/cbook/__init__.py:1402: FutureWarning: Support for multi-dimensional indexing (e.g. `obj[:, None]`) is deprecated and will be removed in a future version.  Convert to a numpy array before indexing instead.
  ndim = x[:, None].ndim
/usr/lib/python3/dist-packages/matplotlib/axes/_base.py:276: FutureWarning: Support for multi-dimensional indexing (e.g. `obj[:, None]`) is deprecated and will be removed in a future version.  Convert to a numpy array before indexing instead.
  x = x[:, np.newaxis]
/usr/lib/python3/dist-packages/matplotlib/axes/_base.py:278: FutureWarning: Support for multi-dimensional indexing (e.g. `obj[:, None]`) is deprecated and will be removed in a future version.  Convert to a numpy array before indexing instead.
  y = y[:, np.newaxis]
/usr/lib/python3/dist-packages/matplotlib/cbook/__init__.py:1402: FutureWarning: Support for multi-dimensional indexing (e.g. `obj[:, None]`) is deprecated and will be removed in a future version.  Convert to a numpy array before indexing instead.
  ndim = x[:, None].ndim
/usr/lib/python3/dist-packages/matplotlib/axes/_base.py:276: FutureWarning: Support for multi-dimensional indexing (e.g. `obj[:, None]`) is deprecated and will be removed in a future version.  Convert to a numpy array before indexing instead.
  x = x[:, np.newaxis]
/usr/lib/python3/dist-packages/matplotlib/axes/_base.py:278: FutureWarning: Support for multi-dimensional indexing (e.g. `obj[:, None]`) is deprecated and will be removed in a future version.  Convert to a numpy array before indexing instead.
  y = y[:, np.newaxis]
/usr/lib/python3/dist-packages/matplotlib/cbook/__init__.py:1402: FutureWarning: Support for multi-dimensional indexing (e.g. `obj[:, None]`) is deprecated and will be removed in a future version.  Convert to a numpy array before indexing instead.
  ndim = x[:, None].ndim
/usr/lib/python3/dist-packages/matplotlib/axes/_base.py:276: FutureWarning: Support for multi-dimensional indexing (e.g. `obj[:, None]`) is deprecated and will be removed in a future version.  Convert to a numpy array before indexing instead.
  x = x[:, np.newaxis]
/usr/lib/python3/dist-packages/matplotlib/axes/_base.py:278: FutureWarning: Support for multi-dimensional indexing (e.g. `obj[:, None]`) is deprecated and will be removed in a future version.  Convert to a numpy array before indexing instead.
  y = y[:, np.newaxis]
{
  "generated": [
    "figures/pdf/thermohitl_v4_architecture.pdf",
    "figures/pdf/three_application_comparison.pdf",
    "figures/pdf/utility_restoration_multilayer_network.pdf",
    "figures/pdf/utility_cyber_disruption_event_sequence.pdf",
    "figures/pdf/standardized_energy_entropy_disagreement_phase_plane.pdf",
    "dashboard_exports/commercial_authorized_replay.svg",
    "dashboard_exports/commercial_authorized_replay.pdf",
    "dashboard_exports/humanitarian_authorized_replay.svg",
    "dashboard_exports/humanitarian_authorized_replay.pdf",
    "dashboard_exports/utility_restoration_authorized_replay.svg",
    "dashboard_exports/utility_restoration_authorized_replay.pdf",
    "dashboard_exports/metadata.json",
    "figures/pdf/operator_dashboard_populated.pdf",
    "figures/pdf/operator_view_kpi_vs_thermodynamic.pdf",
    "figures/pdf/trigger_and_intervention_timeline.pdf",
    "figures/pdf/alert_timing_and_false_alarms.pdf",
    "figures/pdf/operator_workload_vs_service_performance.pdf",
    "figures/pdf/budgeted_causal_utility_cluster_intervals.pdf",
    "figures/pdf/per_application_regime_effect_forest.pdf",
    "figures/pdf/thermodynamic_feature_block_ablation.pdf",
    "figures/pdf/conditional_benefit_vs_information_fragmentation.pdf",
    "figures/pdf/calibration_and_reliability.pdf",
    "figures/pdf/causal_intervention_and_action_funnels.pdf",
    "figures/pdf/harmful_neutral_beneficial_interventions.pdf",
    "figures/pdf/distributed_consensus_error_under_partitions.pdf",
    "figures/pdf/commercial_boundary_condition.pdf",
    "figures/pdf/humanitarian_development_case_study.pdf",
    "figures/pdf/utility_restoration_development_case_study.pdf"
  ]
}
