/workspace/ThermoAgent/.venv/lib/python3.12/site-packages/transformers/utils/hub.py:111: FutureWarning: Using `TRANSFORMERS_CACHE` is deprecated and will be removed in v5 of Transformers. Use `HF_HOME` instead.
  warnings.warn(
Traceback (most recent call last):
  File "/workspace/ThermoAgent/.venv/lib/python3.12/site-packages/huggingface_hub/file_download.py", line 402, in http_get
    import hf_transfer  # type: ignore[no-redef]
    ^^^^^^^^^^^^^^^^^^
ModuleNotFoundError: No module named 'hf_transfer'

During handling of the above exception, another exception occurred:

Traceback (most recent call last):
  File "<frozen runpy>", line 198, in _run_module_as_main
  File "<frozen runpy>", line 88, in _run_code
  File "/workspace/ThermoAgent/thermoagent/v4_cli.py", line 118, in <module>
    raise SystemExit(main())
                     ^^^^^^
  File "/workspace/ThermoAgent/thermoagent/v4_cli.py", line 112, in main
    value = run_real_qwen_qualification(repository, results_root)
            ^^^^^^^^^^^^^^^^^^^^^^^^^^^^^^^^^^^^^^^^^^^^^^^^^^^^^
  File "/workspace/ThermoAgent/thermoagent/v4_qwen.py", line 140, in run_real_qwen_qualification
    planner = TransformersPlanner(
              ^^^^^^^^^^^^^^^^^^^^
  File "/workspace/ThermoAgent/thermoagent/planners.py", line 712, in __init__
    self.tokenizer = AutoTokenizer.from_pretrained(model_id, revision=revision)
                     ^^^^^^^^^^^^^^^^^^^^^^^^^^^^^^^^^^^^^^^^^^^^^^^^^^^^^^^^^^
  File "/workspace/ThermoAgent/.venv/lib/python3.12/site-packages/transformers/models/auto/tokenization_auto.py", line 1049, in from_pretrained
    tokenizer_config = get_tokenizer_config(pretrained_model_name_or_path, **kwargs)
                       ^^^^^^^^^^^^^^^^^^^^^^^^^^^^^^^^^^^^^^^^^^^^^^^^^^^^^^^^^^^^^
  File "/workspace/ThermoAgent/.venv/lib/python3.12/site-packages/transformers/models/auto/tokenization_auto.py", line 881, in get_tokenizer_config
    resolved_config_file = cached_file(
                           ^^^^^^^^^^^^
  File "/workspace/ThermoAgent/.venv/lib/python3.12/site-packages/transformers/utils/hub.py", line 321, in cached_file
    file = cached_files(path_or_repo_id=path_or_repo_id, filenames=[filename], **kwargs)
           ^^^^^^^^^^^^^^^^^^^^^^^^^^^^^^^^^^^^^^^^^^^^^^^^^^^^^^^^^^^^^^^^^^^^^^^^^^^^^
  File "/workspace/ThermoAgent/.venv/lib/python3.12/site-packages/transformers/utils/hub.py", line 567, in cached_files
    raise e
  File "/workspace/ThermoAgent/.venv/lib/python3.12/site-packages/transformers/utils/hub.py", line 479, in cached_files
    hf_hub_download(
  File "/workspace/ThermoAgent/.venv/lib/python3.12/site-packages/huggingface_hub/utils/_validators.py", line 114, in _inner_fn
    return fn(*args, **kwargs)
           ^^^^^^^^^^^^^^^^^^^
  File "/workspace/ThermoAgent/.venv/lib/python3.12/site-packages/huggingface_hub/file_download.py", line 1010, in hf_hub_download
    return _hf_hub_download_to_cache_dir(
           ^^^^^^^^^^^^^^^^^^^^^^^^^^^^^^
  File "/workspace/ThermoAgent/.venv/lib/python3.12/site-packages/huggingface_hub/file_download.py", line 1171, in _hf_hub_download_to_cache_dir
    _download_to_tmp_and_move(
  File "/workspace/ThermoAgent/.venv/lib/python3.12/site-packages/huggingface_hub/file_download.py", line 1738, in _download_to_tmp_and_move
    http_get(
  File "/workspace/ThermoAgent/.venv/lib/python3.12/site-packages/huggingface_hub/file_download.py", line 404, in http_get
    raise ValueError(
ValueError: Fast download using 'hf_transfer' is enabled (HF_HUB_ENABLE_HF_TRANSFER=1) but 'hf_transfer' package is not available in your environment. Try `pip install hf_transfer`.
