Traceback (most recent call last):
  File "<frozen runpy>", line 198, in _run_module_as_main
  File "<frozen runpy>", line 88, in _run_code
  File "/workspace/ThermoAgent/thermoagent/v4_cli.py", line 10, in <module>
    from .v4_analysis import analyze_v4_development
  File "/workspace/ThermoAgent/thermoagent/v4_analysis.py", line 17, in <module>
    from sklearn.linear_model import LogisticRegression
  File "/workspace/ThermoAgent/.venv/lib/python3.12/site-packages/sklearn/__init__.py", line 84, in <module>
    from .base import clone
  File "/workspace/ThermoAgent/.venv/lib/python3.12/site-packages/sklearn/base.py", line 19, in <module>
    from .utils._estimator_html_repr import _HTMLDocumentationLinkMixin, estimator_html_repr
  File "/workspace/ThermoAgent/.venv/lib/python3.12/site-packages/sklearn/utils/__init__.py", line 11, in <module>
    from ._chunking import gen_batches, gen_even_slices
  File "/workspace/ThermoAgent/.venv/lib/python3.12/site-packages/sklearn/utils/_chunking.py", line 8, in <module>
    from ._param_validation import Interval, validate_params
  File "/workspace/ThermoAgent/.venv/lib/python3.12/site-packages/sklearn/utils/_param_validation.py", line 11, in <module>
    from scipy.sparse import csr_matrix, issparse
  File "/workspace/ThermoAgent/.venv/lib/python3.12/site-packages/scipy/sparse/__init__.py", line 320, in <module>
    from . import (
  File "<frozen importlib._bootstrap>", line 1360, in _find_and_load
  File "<frozen importlib._bootstrap>", line 1331, in _find_and_load_unlocked
  File "<frozen importlib._bootstrap>", line 935, in _load_unlocked
  File "<frozen importlib._bootstrap_external>", line 991, in exec_module
  File "<frozen importlib._bootstrap_external>", line 1087, in get_code
  File "<frozen importlib._bootstrap_external>", line 1186, in get_data
KeyboardInterrupt
