Requirement already satisfied: transformers==4.55.4 in ./.venv/lib/python3.12/site-packages (from -r requirements-runpod.txt (line 4)) (4.55.4)
Requirement already satisfied: accelerate==1.10.1 in ./.venv/lib/python3.12/site-packages (from -r requirements-runpod.txt (line 5)) (1.10.1)
Requirement already satisfied: bitsandbytes==0.47.0 in ./.venv/lib/python3.12/site-packages (from -r requirements-runpod.txt (line 6)) (0.47.0)
Requirement already satisfied: huggingface-hub==0.34.4 in ./.venv/lib/python3.12/site-packages (from -r requirements-runpod.txt (line 7)) (0.34.4)
Requirement already satisfied: safetensors==0.6.2 in ./.venv/lib/python3.12/site-packages (from -r requirements-runpod.txt (line 8)) (0.6.2)
Requirement already satisfied: pydantic==2.11.7 in ./.venv/lib/python3.12/site-packages (from -r requirements-runpod.txt (line 9)) (2.11.7)
Requirement already satisfied: pytest==8.4.1 in ./.venv/lib/python3.12/site-packages (from -r requirements-runpod.txt (line 10)) (8.4.1)
Requirement already satisfied: scipy==1.16.1 in ./.venv/lib/python3.12/site-packages (from -r requirements-runpod.txt (line 11)) (1.16.1)
Requirement already satisfied: pandas==2.3.1 in ./.venv/lib/python3.12/site-packages (from -r requirements-runpod.txt (line 12)) (2.3.1)
Requirement already satisfied: matplotlib==3.10.5 in ./.venv/lib/python3.12/site-packages (from -r requirements-runpod.txt (line 13)) (3.10.5)
Requirement already satisfied: networkx==3.5 in ./.venv/lib/python3.12/site-packages (from -r requirements-runpod.txt (line 14)) (3.5)
Requirement already satisfied: PyYAML==6.0.2 in ./.venv/lib/python3.12/site-packages (from -r requirements-runpod.txt (line 15)) (6.0.2)
Requirement already satisfied: PyMuPDF==1.28.2 in ./.venv/lib/python3.12/site-packages (from -r requirements-runpod.txt (line 16)) (1.28.2)
Collecting scikit-learn==1.5.2 (from -r requirements-runpod.txt (line 17))
  Downloading scikit_learn-1.5.2-cp312-cp312-manylinux_2_17_x86_64.manylinux2014_x86_64.whl.metadata (13 kB)
Requirement already satisfied: filelock in /usr/local/lib/python3.12/dist-packages (from transformers==4.55.4->-r requirements-runpod.txt (line 4)) (3.20.0)
Requirement already satisfied: numpy>=1.17 in /usr/local/lib/python3.12/dist-packages (from transformers==4.55.4->-r requirements-runpod.txt (line 4)) (2.1.2)
Requirement already satisfied: packaging>=20.0 in /usr/local/lib/python3.12/dist-packages (from transformers==4.55.4->-r requirements-runpod.txt (line 4)) (25.0)
Requirement already satisfied: regex!=2019.12.17 in ./.venv/lib/python3.12/site-packages (from transformers==4.55.4->-r requirements-runpod.txt (line 4)) (2026.7.19)
Requirement already satisfied: requests in /usr/local/lib/python3.12/dist-packages (from transformers==4.55.4->-r requirements-runpod.txt (line 4)) (2.32.5)
Requirement already satisfied: tokenizers<0.22,>=0.21 in ./.venv/lib/python3.12/site-packages (from transformers==4.55.4->-r requirements-runpod.txt (line 4)) (0.21.4)
Requirement already satisfied: tqdm>=4.27 in ./.venv/lib/python3.12/site-packages (from transformers==4.55.4->-r requirements-runpod.txt (line 4)) (4.70.0)
Requirement already satisfied: psutil in /usr/local/lib/python3.12/dist-packages (from accelerate==1.10.1->-r requirements-runpod.txt (line 5)) (7.1.0)
Requirement already satisfied: torch>=2.0.0 in /usr/local/lib/python3.12/dist-packages (from accelerate==1.10.1->-r requirements-runpod.txt (line 5)) (2.8.0+cu128)
Requirement already satisfied: fsspec>=2023.5.0 in /usr/local/lib/python3.12/dist-packages (from huggingface-hub==0.34.4->-r requirements-runpod.txt (line 7)) (2024.6.1)
Requirement already satisfied: typing-extensions>=3.7.4.3 in /usr/local/lib/python3.12/dist-packages (from huggingface-hub==0.34.4->-r requirements-runpod.txt (line 7)) (4.15.0)
Requirement already satisfied: hf-xet<2.0.0,>=1.1.3 in ./.venv/lib/python3.12/site-packages (from huggingface-hub==0.34.4->-r requirements-runpod.txt (line 7)) (1.6.0)
Requirement already satisfied: annotated-types>=0.6.0 in ./.venv/lib/python3.12/site-packages (from pydantic==2.11.7->-r requirements-runpod.txt (line 9)) (0.8.0)
Requirement already satisfied: pydantic-core==2.33.2 in ./.venv/lib/python3.12/site-packages (from pydantic==2.11.7->-r requirements-runpod.txt (line 9)) (2.33.2)
Requirement already satisfied: typing-inspection>=0.4.0 in ./.venv/lib/python3.12/site-packages (from pydantic==2.11.7->-r requirements-runpod.txt (line 9)) (0.4.3)
Requirement already satisfied: iniconfig>=1 in ./.venv/lib/python3.12/site-packages (from pytest==8.4.1->-r requirements-runpod.txt (line 10)) (2.3.0)
Requirement already satisfied: pluggy<2,>=1.5 in ./.venv/lib/python3.12/site-packages (from pytest==8.4.1->-r requirements-runpod.txt (line 10)) (1.6.0)
Requirement already satisfied: pygments>=2.7.2 in /usr/local/lib/python3.12/dist-packages (from pytest==8.4.1->-r requirements-runpod.txt (line 10)) (2.19.2)
Requirement already satisfied: python-dateutil>=2.8.2 in /usr/local/lib/python3.12/dist-packages (from pandas==2.3.1->-r requirements-runpod.txt (line 12)) (2.9.0.post0)
Requirement already satisfied: pytz>=2020.1 in ./.venv/lib/python3.12/site-packages (from pandas==2.3.1->-r requirements-runpod.txt (line 12)) (2026.3.post1)
Requirement already satisfied: tzdata>=2022.7 in ./.venv/lib/python3.12/site-packages (from pandas==2.3.1->-r requirements-runpod.txt (line 12)) (2026.3)
Requirement already satisfied: contourpy>=1.0.1 in ./.venv/lib/python3.12/site-packages (from matplotlib==3.10.5->-r requirements-runpod.txt (line 13)) (1.3.3)
Requirement already satisfied: cycler>=0.10 in ./.venv/lib/python3.12/site-packages (from matplotlib==3.10.5->-r requirements-runpod.txt (line 13)) (0.12.1)
Requirement already satisfied: fonttools>=4.22.0 in ./.venv/lib/python3.12/site-packages (from matplotlib==3.10.5->-r requirements-runpod.txt (line 13)) (4.63.0)
Requirement already satisfied: kiwisolver>=1.3.1 in ./.venv/lib/python3.12/site-packages (from matplotlib==3.10.5->-r requirements-runpod.txt (line 13)) (1.5.0)
Requirement already satisfied: pillow>=8 in /usr/local/lib/python3.12/dist-packages (from matplotlib==3.10.5->-r requirements-runpod.txt (line 13)) (11.0.0)
Requirement already satisfied: pyparsing>=2.3.1 in /usr/lib/python3/dist-packages (from matplotlib==3.10.5->-r requirements-runpod.txt (line 13)) (3.1.1)
Collecting joblib>=1.2.0 (from scikit-learn==1.5.2->-r requirements-runpod.txt (line 17))
  Downloading joblib-1.5.3-py3-none-any.whl.metadata (5.5 kB)
Collecting threadpoolctl>=3.1.0 (from scikit-learn==1.5.2->-r requirements-runpod.txt (line 17))
  Downloading threadpoolctl-3.6.0-py3-none-any.whl.metadata (13 kB)
Requirement already satisfied: six>=1.5 in /usr/lib/python3/dist-packages (from python-dateutil>=2.8.2->pandas==2.3.1->-r requirements-runpod.txt (line 12)) (1.16.0)
Requirement already satisfied: setuptools in /usr/local/lib/python3.12/dist-packages (from torch>=2.0.0->accelerate==1.10.1->-r requirements-runpod.txt (line 5)) (80.9.0)
Requirement already satisfied: sympy>=1.13.3 in /usr/local/lib/python3.12/dist-packages (from torch>=2.0.0->accelerate==1.10.1->-r requirements-runpod.txt (line 5)) (1.13.3)
Requirement already satisfied: jinja2 in /usr/local/lib/python3.12/dist-packages (from torch>=2.0.0->accelerate==1.10.1->-r requirements-runpod.txt (line 5)) (3.1.6)
Requirement already satisfied: nvidia-cuda-nvrtc-cu12==12.8.93 in /usr/local/lib/python3.12/dist-packages (from torch>=2.0.0->accelerate==1.10.1->-r requirements-runpod.txt (line 5)) (12.8.93)
Requirement already satisfied: nvidia-cuda-runtime-cu12==12.8.90 in /usr/local/lib/python3.12/dist-packages (from torch>=2.0.0->accelerate==1.10.1->-r requirements-runpod.txt (line 5)) (12.8.90)
Requirement already satisfied: nvidia-cuda-cupti-cu12==12.8.90 in /usr/local/lib/python3.12/dist-packages (from torch>=2.0.0->accelerate==1.10.1->-r requirements-runpod.txt (line 5)) (12.8.90)
Requirement already satisfied: nvidia-cudnn-cu12==9.10.2.21 in /usr/local/lib/python3.12/dist-packages (from torch>=2.0.0->accelerate==1.10.1->-r requirements-runpod.txt (line 5)) (9.10.2.21)
Requirement already satisfied: nvidia-cublas-cu12==12.8.4.1 in /usr/local/lib/python3.12/dist-packages (from torch>=2.0.0->accelerate==1.10.1->-r requirements-runpod.txt (line 5)) (12.8.4.1)
Requirement already satisfied: nvidia-cufft-cu12==11.3.3.83 in /usr/local/lib/python3.12/dist-packages (from torch>=2.0.0->accelerate==1.10.1->-r requirements-runpod.txt (line 5)) (11.3.3.83)
Requirement already satisfied: nvidia-curand-cu12==10.3.9.90 in /usr/local/lib/python3.12/dist-packages (from torch>=2.0.0->accelerate==1.10.1->-r requirements-runpod.txt (line 5)) (10.3.9.90)
Requirement already satisfied: nvidia-cusolver-cu12==11.7.3.90 in /usr/local/lib/python3.12/dist-packages (from torch>=2.0.0->accelerate==1.10.1->-r requirements-runpod.txt (line 5)) (11.7.3.90)
Requirement already satisfied: nvidia-cusparse-cu12==12.5.8.93 in /usr/local/lib/python3.12/dist-packages (from torch>=2.0.0->accelerate==1.10.1->-r requirements-runpod.txt (line 5)) (12.5.8.93)
Requirement already satisfied: nvidia-cusparselt-cu12==0.7.1 in /usr/local/lib/python3.12/dist-packages (from torch>=2.0.0->accelerate==1.10.1->-r requirements-runpod.txt (line 5)) (0.7.1)
Requirement already satisfied: nvidia-nccl-cu12==2.27.3 in /usr/local/lib/python3.12/dist-packages (from torch>=2.0.0->accelerate==1.10.1->-r requirements-runpod.txt (line 5)) (2.27.3)
Requirement already satisfied: nvidia-nvtx-cu12==12.8.90 in /usr/local/lib/python3.12/dist-packages (from torch>=2.0.0->accelerate==1.10.1->-r requirements-runpod.txt (line 5)) (12.8.90)
Requirement already satisfied: nvidia-nvjitlink-cu12==12.8.93 in /usr/local/lib/python3.12/dist-packages (from torch>=2.0.0->accelerate==1.10.1->-r requirements-runpod.txt (line 5)) (12.8.93)
Requirement already satisfied: nvidia-cufile-cu12==1.13.1.3 in /usr/local/lib/python3.12/dist-packages (from torch>=2.0.0->accelerate==1.10.1->-r requirements-runpod.txt (line 5)) (1.13.1.3)
Requirement already satisfied: triton==3.4.0 in /usr/local/lib/python3.12/dist-packages (from torch>=2.0.0->accelerate==1.10.1->-r requirements-runpod.txt (line 5)) (3.4.0)
Requirement already satisfied: charset_normalizer<4,>=2 in /usr/local/lib/python3.12/dist-packages (from requests->transformers==4.55.4->-r requirements-runpod.txt (line 4)) (3.4.3)
Requirement already satisfied: idna<4,>=2.5 in /usr/local/lib/python3.12/dist-packages (from requests->transformers==4.55.4->-r requirements-runpod.txt (line 4)) (3.10)
Requirement already satisfied: urllib3<3,>=1.21.1 in /usr/local/lib/python3.12/dist-packages (from requests->transformers==4.55.4->-r requirements-runpod.txt (line 4)) (2.5.0)
Requirement already satisfied: certifi>=2017.4.17 in /usr/local/lib/python3.12/dist-packages (from requests->transformers==4.55.4->-r requirements-runpod.txt (line 4)) (2025.10.5)
Requirement already satisfied: mpmath<1.4,>=1.1.0 in /usr/local/lib/python3.12/dist-packages (from sympy>=1.13.3->torch>=2.0.0->accelerate==1.10.1->-r requirements-runpod.txt (line 5)) (1.3.0)
Requirement already satisfied: MarkupSafe>=2.0 in /usr/local/lib/python3.12/dist-packages (from jinja2->torch>=2.0.0->accelerate==1.10.1->-r requirements-runpod.txt (line 5)) (3.0.3)
Downloading scikit_learn-1.5.2-cp312-cp312-manylinux_2_17_x86_64.manylinux2014_x86_64.whl (12.9 MB)
   ━━━━━━━━━━━━━━━━━━━━━━━━━━━━━━━━━━━━━━━━ 12.9/12.9 MB 46.0 MB/s eta 0:00:00
Downloading joblib-1.5.3-py3-none-any.whl (309 kB)
   ━━━━━━━━━━━━━━━━━━━━━━━━━━━━━━━━━━━━━━━━ 309.1/309.1 kB 3.4 MB/s eta 0:00:00
Downloading threadpoolctl-3.6.0-py3-none-any.whl (18 kB)
Installing collected packages: threadpoolctl, joblib, scikit-learn
Successfully installed joblib-1.5.3 scikit-learn-1.5.2 threadpoolctl-3.6.0
Obtaining file:///workspace/ThermoAgent
  Installing build dependencies: started
  Installing build dependencies: finished with status 'done'
  Checking if build backend supports build_editable: started
  Checking if build backend supports build_editable: finished with status 'done'
  Getting requirements to build editable: started
  Getting requirements to build editable: finished with status 'done'
  Preparing editable metadata (pyproject.toml): started
  Preparing editable metadata (pyproject.toml): finished with status 'done'
Building wheels for collected packages: thermoagent
  Building editable for thermoagent (pyproject.toml): started
  Building editable for thermoagent (pyproject.toml): finished with status 'done'
  Created wheel for thermoagent: filename=thermoagent-0.1.0-0.editable-py3-none-any.whl size=6486 sha256=8d440fa594b38ff4b27a2ca68fc0364d037a11ac108617ba96ab112303ba60a1
  Stored in directory: /tmp/pip-ephem-wheel-cache-z6jvbemr/wheels/b5/c0/b2/482237b3b3ca66c8d7a9f7ba7f6c85b4acd99efeb763b0794c
Successfully built thermoagent
Installing collected packages: thermoagent
  Attempting uninstall: thermoagent
    Found existing installation: thermoagent 0.1.0
    Uninstalling thermoagent-0.1.0:
      Successfully uninstalled thermoagent-0.1.0
Successfully installed thermoagent-0.1.0
preserved torch runtime 2.8.0+cu128 12.8
usage: thermoagent [-h]
                   {calibrate,select-monitor,calibrate-doet,train-policy,train-doet-multiseed,sweep,select-doet-trigger,design-doet-holdout,analyze-doet,report-doet,doet-figures,design-doet-ablations,analyze,index,figures,validate-pdfs,mark-visual-qa,capture-env,capture-source-provenance,replay,model-smoke,agentic-smoke,freeze-protocol,verify-protocol,profile-budget}
                   ...
thermoagent: error: unrecognized arguments: --output results/entropy_triggered_v2/reproducibility/environment.json
