Requirement already satisfied: transformers==4.55.4 in ./.venv/lib/python3.12/site-packages (from -r requirements-runpod.txt (line 4)) (4.55.4)
Requirement already satisfied: accelerate==1.10.1 in ./.venv/lib/python3.12/site-packages (from -r requirements-runpod.txt (line 5)) (1.10.1)
Requirement already satisfied: bitsandbytes==0.47.0 in ./.venv/lib/python3.12/site-packages (from -r requirements-runpod.txt (line 6)) (0.47.0)
Requirement already satisfied: huggingface-hub==0.34.4 in ./.venv/lib/python3.12/site-packages (from -r requirements-runpod.txt (line 7)) (0.34.4)
Requirement already satisfied: safetensors==0.6.2 in ./.venv/lib/python3.12/site-packages (from -r requirements-runpod.txt (line 8)) (0.6.2)
Requirement already satisfied: pydantic==2.11.7 in ./.venv/lib/python3.12/site-packages (from -r requirements-runpod.txt (line 9)) (2.11.7)
Requirement already satisfied: pytest==8.4.1 in ./.venv/lib/python3.12/site-packages (from -r requirements-runpod.txt (line 10)) (8.4.1)
Requirement already satisfied: scipy==1.16.1 in ./.venv/lib/python3.12/site-packages (from -r requirements-runpod.txt (line 11)) (1.16.1)
Requirement already satisfied: pandas==2.3.1 in ./.venv/lib/python3.12/site-packages (from -r requirements-runpod.txt (line 12)) (2.3.1)
Requirement already satisfied: matplotlib==3.10.5 in ./.venv/lib/python3.12/site-packages (from -r requirements-runpod.txt (line 13)) (3.10.5)
Requirement already satisfied: networkx==3.5 in ./.venv/lib/python3.12/site-packages (from -r requirements-runpod.txt (line 14)) (3.5)
Requirement already satisfied: PyYAML==6.0.2 in ./.venv/lib/python3.12/site-packages (from -r requirements-runpod.txt (line 15)) (6.0.2)
Requirement already satisfied: PyMuPDF==1.28.2 in ./.venv/lib/python3.12/site-packages (from -r requirements-runpod.txt (line 16)) (1.28.2)
Requirement already satisfied: scikit-learn==1.5.2 in ./.venv/lib/python3.12/site-packages (from -r requirements-runpod.txt (line 17)) (1.5.2)
Requirement already satisfied: filelock in /usr/local/lib/python3.12/dist-packages (from transformers==4.55.4->-r requirements-runpod.txt (line 4)) (3.20.0)
Requirement already satisfied: numpy>=1.17 in /usr/local/lib/python3.12/dist-packages (from transformers==4.55.4->-r requirements-runpod.txt (line 4)) (2.1.2)
Requirement already satisfied: packaging>=20.0 in /usr/local/lib/python3.12/dist-packages (from transformers==4.55.4->-r requirements-runpod.txt (line 4)) (25.0)
Requirement already satisfied: regex!=2019.12.17 in ./.venv/lib/python3.12/site-packages (from transformers==4.55.4->-r requirements-runpod.txt (line 4)) (2026.7.19)
Requirement already satisfied: requests in /usr/local/lib/python3.12/dist-packages (from transformers==4.55.4->-r requirements-runpod.txt (line 4)) (2.32.5)
Requirement already satisfied: tokenizers<0.22,>=0.21 in ./.venv/lib/python3.12/site-packages (from transformers==4.55.4->-r requirements-runpod.txt (line 4)) (0.21.4)
Requirement already satisfied: tqdm>=4.27 in ./.venv/lib/python3.12/site-packages (from transformers==4.55.4->-r requirements-runpod.txt (line 4)) (4.70.0)
Requirement already satisfied: psutil in /usr/local/lib/python3.12/dist-packages (from accelerate==1.10.1->-r requirements-runpod.txt (line 5)) (7.1.0)
Requirement already satisfied: torch>=2.0.0 in /usr/local/lib/python3.12/dist-packages (from accelerate==1.10.1->-r requirements-runpod.txt (line 5)) (2.8.0+cu128)
Requirement already satisfied: fsspec>=2023.5.0 in /usr/local/lib/python3.12/dist-packages (from huggingface-hub==0.34.4->-r requirements-runpod.txt (line 7)) (2024.6.1)
Requirement already satisfied: typing-extensions>=3.7.4.3 in /usr/local/lib/python3.12/dist-packages (from huggingface-hub==0.34.4->-r requirements-runpod.txt (line 7)) (4.15.0)
Requirement already satisfied: hf-xet<2.0.0,>=1.1.3 in ./.venv/lib/python3.12/site-packages (from huggingface-hub==0.34.4->-r requirements-runpod.txt (line 7)) (1.6.0)
Requirement already satisfied: annotated-types>=0.6.0 in ./.venv/lib/python3.12/site-packages (from pydantic==2.11.7->-r requirements-runpod.txt (line 9)) (0.8.0)
Requirement already satisfied: pydantic-core==2.33.2 in ./.venv/lib/python3.12/site-packages (from pydantic==2.11.7->-r requirements-runpod.txt (line 9)) (2.33.2)
Requirement already satisfied: typing-inspection>=0.4.0 in ./.venv/lib/python3.12/site-packages (from pydantic==2.11.7->-r requirements-runpod.txt (line 9)) (0.4.3)
Requirement already satisfied: iniconfig>=1 in ./.venv/lib/python3.12/site-packages (from pytest==8.4.1->-r requirements-runpod.txt (line 10)) (2.3.0)
Requirement already satisfied: pluggy<2,>=1.5 in ./.venv/lib/python3.12/site-packages (from pytest==8.4.1->-r requirements-runpod.txt (line 10)) (1.6.0)
Requirement already satisfied: pygments>=2.7.2 in /usr/local/lib/python3.12/dist-packages (from pytest==8.4.1->-r requirements-runpod.txt (line 10)) (2.19.2)
Requirement already satisfied: python-dateutil>=2.8.2 in /usr/local/lib/python3.12/dist-packages (from pandas==2.3.1->-r requirements-runpod.txt (line 12)) (2.9.0.post0)
Requirement already satisfied: pytz>=2020.1 in ./.venv/lib/python3.12/site-packages (from pandas==2.3.1->-r requirements-runpod.txt (line 12)) (2026.3.post1)
Requirement already satisfied: tzdata>=2022.7 in ./.venv/lib/python3.12/site-packages (from pandas==2.3.1->-r requirements-runpod.txt (line 12)) (2026.3)
Requirement already satisfied: contourpy>=1.0.1 in ./.venv/lib/python3.12/site-packages (from matplotlib==3.10.5->-r requirements-runpod.txt (line 13)) (1.3.3)
Requirement already satisfied: cycler>=0.10 in ./.venv/lib/python3.12/site-packages (from matplotlib==3.10.5->-r requirements-runpod.txt (line 13)) (0.12.1)
Requirement already satisfied: fonttools>=4.22.0 in ./.venv/lib/python3.12/site-packages (from matplotlib==3.10.5->-r requirements-runpod.txt (line 13)) (4.63.0)
Requirement already satisfied: kiwisolver>=1.3.1 in ./.venv/lib/python3.12/site-packages (from matplotlib==3.10.5->-r requirements-runpod.txt (line 13)) (1.5.0)
Requirement already satisfied: pillow>=8 in /usr/local/lib/python3.12/dist-packages (from matplotlib==3.10.5->-r requirements-runpod.txt (line 13)) (11.0.0)
Requirement already satisfied: pyparsing>=2.3.1 in /usr/lib/python3/dist-packages (from matplotlib==3.10.5->-r requirements-runpod.txt (line 13)) (3.1.1)
Requirement already satisfied: joblib>=1.2.0 in ./.venv/lib/python3.12/site-packages (from scikit-learn==1.5.2->-r requirements-runpod.txt (line 17)) (1.5.3)
Requirement already satisfied: threadpoolctl>=3.1.0 in ./.venv/lib/python3.12/site-packages (from scikit-learn==1.5.2->-r requirements-runpod.txt (line 17)) (3.6.0)
Requirement already satisfied: six>=1.5 in /usr/lib/python3/dist-packages (from python-dateutil>=2.8.2->pandas==2.3.1->-r requirements-runpod.txt (line 12)) (1.16.0)
Requirement already satisfied: setuptools in /usr/local/lib/python3.12/dist-packages (from torch>=2.0.0->accelerate==1.10.1->-r requirements-runpod.txt (line 5)) (80.9.0)
Requirement already satisfied: sympy>=1.13.3 in /usr/local/lib/python3.12/dist-packages (from torch>=2.0.0->accelerate==1.10.1->-r requirements-runpod.txt (line 5)) (1.13.3)
Requirement already satisfied: jinja2 in /usr/local/lib/python3.12/dist-packages (from torch>=2.0.0->accelerate==1.10.1->-r requirements-runpod.txt (line 5)) (3.1.6)
Requirement already satisfied: nvidia-cuda-nvrtc-cu12==12.8.93 in /usr/local/lib/python3.12/dist-packages (from torch>=2.0.0->accelerate==1.10.1->-r requirements-runpod.txt (line 5)) (12.8.93)
Requirement already satisfied: nvidia-cuda-runtime-cu12==12.8.90 in /usr/local/lib/python3.12/dist-packages (from torch>=2.0.0->accelerate==1.10.1->-r requirements-runpod.txt (line 5)) (12.8.90)
Requirement already satisfied: nvidia-cuda-cupti-cu12==12.8.90 in /usr/local/lib/python3.12/dist-packages (from torch>=2.0.0->accelerate==1.10.1->-r requirements-runpod.txt (line 5)) (12.8.90)
Requirement already satisfied: nvidia-cudnn-cu12==9.10.2.21 in /usr/local/lib/python3.12/dist-packages (from torch>=2.0.0->accelerate==1.10.1->-r requirements-runpod.txt (line 5)) (9.10.2.21)
Requirement already satisfied: nvidia-cublas-cu12==12.8.4.1 in /usr/local/lib/python3.12/dist-packages (from torch>=2.0.0->accelerate==1.10.1->-r requirements-runpod.txt (line 5)) (12.8.4.1)
Requirement already satisfied: nvidia-cufft-cu12==11.3.3.83 in /usr/local/lib/python3.12/dist-packages (from torch>=2.0.0->accelerate==1.10.1->-r requirements-runpod.txt (line 5)) (11.3.3.83)
Requirement already satisfied: nvidia-curand-cu12==10.3.9.90 in /usr/local/lib/python3.12/dist-packages (from torch>=2.0.0->accelerate==1.10.1->-r requirements-runpod.txt (line 5)) (10.3.9.90)
Requirement already satisfied: nvidia-cusolver-cu12==11.7.3.90 in /usr/local/lib/python3.12/dist-packages (from torch>=2.0.0->accelerate==1.10.1->-r requirements-runpod.txt (line 5)) (11.7.3.90)
Requirement already satisfied: nvidia-cusparse-cu12==12.5.8.93 in /usr/local/lib/python3.12/dist-packages (from torch>=2.0.0->accelerate==1.10.1->-r requirements-runpod.txt (line 5)) (12.5.8.93)
Requirement already satisfied: nvidia-cusparselt-cu12==0.7.1 in /usr/local/lib/python3.12/dist-packages (from torch>=2.0.0->accelerate==1.10.1->-r requirements-runpod.txt (line 5)) (0.7.1)
Requirement already satisfied: nvidia-nccl-cu12==2.27.3 in /usr/local/lib/python3.12/dist-packages (from torch>=2.0.0->accelerate==1.10.1->-r requirements-runpod.txt (line 5)) (2.27.3)
Requirement already satisfied: nvidia-nvtx-cu12==12.8.90 in /usr/local/lib/python3.12/dist-packages (from torch>=2.0.0->accelerate==1.10.1->-r requirements-runpod.txt (line 5)) (12.8.90)
Requirement already satisfied: nvidia-nvjitlink-cu12==12.8.93 in /usr/local/lib/python3.12/dist-packages (from torch>=2.0.0->accelerate==1.10.1->-r requirements-runpod.txt (line 5)) (12.8.93)
Requirement already satisfied: nvidia-cufile-cu12==1.13.1.3 in /usr/local/lib/python3.12/dist-packages (from torch>=2.0.0->accelerate==1.10.1->-r requirements-runpod.txt (line 5)) (1.13.1.3)
Requirement already satisfied: triton==3.4.0 in /usr/local/lib/python3.12/dist-packages (from torch>=2.0.0->accelerate==1.10.1->-r requirements-runpod.txt (line 5)) (3.4.0)
Requirement already satisfied: charset_normalizer<4,>=2 in /usr/local/lib/python3.12/dist-packages (from requests->transformers==4.55.4->-r requirements-runpod.txt (line 4)) (3.4.3)
Requirement already satisfied: idna<4,>=2.5 in /usr/local/lib/python3.12/dist-packages (from requests->transformers==4.55.4->-r requirements-runpod.txt (line 4)) (3.10)
Requirement already satisfied: urllib3<3,>=1.21.1 in /usr/local/lib/python3.12/dist-packages (from requests->transformers==4.55.4->-r requirements-runpod.txt (line 4)) (2.5.0)
Requirement already satisfied: certifi>=2017.4.17 in /usr/local/lib/python3.12/dist-packages (from requests->transformers==4.55.4->-r requirements-runpod.txt (line 4)) (2025.10.5)
Requirement already satisfied: mpmath<1.4,>=1.1.0 in /usr/local/lib/python3.12/dist-packages (from sympy>=1.13.3->torch>=2.0.0->accelerate==1.10.1->-r requirements-runpod.txt (line 5)) (1.3.0)
Requirement already satisfied: MarkupSafe>=2.0 in /usr/local/lib/python3.12/dist-packages (from jinja2->torch>=2.0.0->accelerate==1.10.1->-r requirements-runpod.txt (line 5)) (3.0.3)
Obtaining file:///workspace/ThermoAgent
  Installing build dependencies: started
  Installing build dependencies: finished with status 'done'
  Checking if build backend supports build_editable: started
  Checking if build backend supports build_editable: finished with status 'done'
  Getting requirements to build editable: started
  Getting requirements to build editable: finished with status 'done'
  Preparing editable metadata (pyproject.toml): started
  Preparing editable metadata (pyproject.toml): finished with status 'done'
Building wheels for collected packages: thermoagent
  Building editable for thermoagent (pyproject.toml): started
  Building editable for thermoagent (pyproject.toml): finished with status 'done'
  Created wheel for thermoagent: filename=thermoagent-0.1.0-0.editable-py3-none-any.whl size=6486 sha256=c756b5cb5dc384d73a3366dc60b4cbe5272f34b71118eb33520cade760e1fcc1
  Stored in directory: /tmp/pip-ephem-wheel-cache-8_1jyuwu/wheels/b5/c0/b2/482237b3b3ca66c8d7a9f7ba7f6c85b4acd99efeb763b0794c
Successfully built thermoagent
Installing collected packages: thermoagent
  Attempting uninstall: thermoagent
    Found existing installation: thermoagent 0.1.0
    Uninstalling thermoagent-0.1.0:
      Successfully uninstalled thermoagent-0.1.0
Successfully installed thermoagent-0.1.0
preserved torch runtime 2.8.0+cu128 12.8
{
  "captured_at": "2026-08-13T17:47:15.035701+00:00",
  "dependencies": {
    "accelerate": "1.10.1",
    "bitsandbytes": "0.47.0",
    "matplotlib": "3.10.5",
    "networkx": "3.5",
    "numpy": "2.1.2",
    "pandas": "2.3.1",
    "pydantic": "2.11.7",
    "pymupdf": "1.28.2",
    "scipy": "1.16.1",
    "sklearn": "1.5.2",
    "torch": "2.8.0+cu128",
    "transformers": "4.55.4"
  },
  "git_provenance": {
    "branch": "not-present-on-execution-copy",
    "commit": "not-present-on-execution-copy",
    "dirty": null
  },
  "hardware": {
    "cpu_count": 32,
    "cuda_available": true,
    "cuda_runtime": "12.8",
    "driver_version": "570.195.03",
    "gpu": "NVIDIA GeForce RTX 4090",
    "gpu_memory_bytes": 25757220864,
    "gpu_query": "bounded nvidia-smi (10-second timeout)",
    "hostname": "2acac16f37c7",
    "platform": "Linux-6.8.0-90-generic-x86_64-with-glibc2.39",
    "python": "3.12.3",
    "torch": "2.8.0+cu128"
  },
  "security_note": "No environment variables, credentials, SSH configuration, or tokens were read.",
  "source_checksum": "4bbc730bf277db1645be10fcd7d8cf3e0ea84216283df84d6d33f51e101e8bd9",
  "system_commands": {
    "cpu": "{\n   \"lscpu\": [\n      {\n         \"field\": \"Architecture:\",\n         \"data\": \"x86_64\"\n      },{\n         \"field\": \"CPU op-mode(s):\",\n         \"data\": \"32-bit, 64-bit\"\n      },{\n         \"field\": \"Address sizes:\",\n         \"data\": \"48 bits physical, 48 bits virtual\"\n      },{\n         \"field\": \"Byte Order:\",\n         \"data\": \"Little Endian\"\n      },{\n         \"field\": \"CPU(s):\",\n         \"data\": \"32\"\n      },{\n         \"field\": \"On-line CPU(s) list:\",\n         \"data\": \"0-31\"\n      },{\n         \"field\": \"Vendor ID:\",\n         \"data\": \"AuthenticAMD\"\n      },{\n         \"field\": \"Model name:\",\n         \"data\": \"AMD Ryzen 9 7950X 16-Core Processor\"\n      },{\n         \"field\": \"CPU family:\",\n         \"data\": \"25\"\n      },{\n         \"field\": \"Model:\",\n         \"data\": \"97\"\n      },{\n         \"field\": \"Thread(s) per core:\",\n         \"data\": \"2\"\n      },{\n         \"field\": \"Core(s) per socket:\",\n         \"data\": \"16\"\n      },{\n         \"field\": \"Socket(s):\",\n         \"data\": \"1\"\n      },{\n         \"field\": \"Stepping:\",\n         \"data\": \"2\"\n      },{\n         \"field\": \"CPU(s) scaling MHz:\",\n         \"data\": \"81%\"\n      },{\n         \"field\": \"CPU max MHz:\",\n         \"data\": \"5881.0000\"\n      },{\n         \"field\": \"CPU min MHz:\",\n         \"data\": \"545.0000\"\n      },{\n         \"field\": \"BogoMIPS:\",\n         \"data\": \"8982.52\"\n      },{\n         \"field\": \"Flags:\",\n         \"data\": \"fpu vme de pse tsc msr pae mce cx8 apic sep mtrr pge mca cmov pat pse36 clflush mmx fxsr sse sse2 ht syscall nx mmxext fxsr_opt pdpe1gb rdtscp lm constant_tsc rep_good amd_lbr_v2 nopl nonstop_tsc cpuid extd_apicid aperfmperf rapl pni pclmulqdq monitor ssse3 fma cx16 sse4_1 sse4_2 movbe popcnt aes xsave avx f16c rdrand lahf_lm cmp_legacy svm extapic cr8_legacy abm sse4a misalignsse 3dnowprefetch osvw ibs skinit wdt tce topoext perfctr_core perfctr_nb bpext perfctr_llc mwaitx cpb cat_l3 cdp_l3 hw_pstate ssbd mba perfmon_v2 ibrs ibpb stibp ibrs_enhanced vmmcall fsgsbase bmi1 avx2 smep bmi2 erms invpcid cqm rdt_a avx512f avx512dq rdseed adx smap avx512ifma clflushopt clwb avx512cd sha_ni avx512bw avx512vl xsaveopt xsavec xgetbv1 xsaves cqm_llc cqm_occup_llc cqm_mbm_total cqm_mbm_local user_shstk avx512_bf16 clzero irperf xsaveerptr rdpru wbnoinvd cppc amd_ibpb_ret arat npt lbrv svm_lock nrip_save tsc_scale vmcb_clean flushbyasid decodeassists pausefilter pfthreshold avic vgif x2avic v_spec_ctrl vnmi avx512vbmi umip pku ospke avx512_vbmi2 gfni vaes vpclmulqdq avx512_vnni avx512_bitalg avx512_vpopcntdq rdpid overflow_recov succor smca fsrm flush_l1d ibpb_exit_to_user\"\n      },{\n         \"field\": \"Virtualization:\",\n         \"data\": \"AMD-V\"\n      },{\n         \"field\": \"L1d cache:\",\n         \"data\": \"512 KiB (16 instances)\"\n      },{\n         \"field\": \"L1i cache:\",\n         \"data\": \"512 KiB (16 instances)\"\n      },{\n         \"field\": \"L2 cache:\",\n         \"data\": \"16 MiB (16 instances)\"\n      },{\n         \"field\": \"L3 cache:\",\n         \"data\": \"64 MiB (2 instances)\"\n      },{\n         \"field\": \"NUMA node(s):\",\n         \"data\": \"1\"\n      },{\n         \"field\": \"NUMA node0 CPU(s):\",\n         \"data\": \"0-31\"\n      },{\n         \"field\": \"Vulnerability Gather data sampling:\",\n         \"data\": \"Not affected\"\n      },{\n         \"field\": \"Vulnerability Itlb multihit:\",\n         \"data\": \"Not affected\"\n      },{\n         \"field\": \"Vulnerability L1tf:\",\n         \"data\": \"Not affected\"\n      },{\n         \"field\": \"Vulnerability Mds:\",\n         \"data\": \"Not affected\"\n      },{\n         \"field\": \"Vulnerability Meltdown:\",\n         \"data\": \"Not affected\"\n      },{\n         \"field\": \"Vulnerability Mmio stale data:\",\n         \"data\": \"Not affected\"\n      },{\n         \"field\": \"Vulnerability Reg file data sampling:\",\n         \"data\": \"Not affected\"\n      },{\n         \"field\": \"Vulnerability Retbleed:\",\n         \"data\": \"Not affected\"\n      },{\n         \"field\": \"Vulnerability Spec rstack overflow:\",\n         \"data\": \"Mitigation; Safe RET\"\n      },{\n         \"field\": \"Vulnerability Spec store bypass:\",\n         \"data\": \"Mitigation; Speculative Store Bypass disabled via prctl\"\n      },{\n         \"field\": \"Vulnerability Spectre v1:\",\n         \"data\": \"Mitigation; usercopy/swapgs barriers and __user pointer sanitization\"\n      },{\n         \"field\": \"Vulnerability Spectre v2:\",\n         \"data\": \"Mitigation; Enhanced / Automatic IBRS; IBPB conditional; STIBP always-on; RSB filling; PBRSB-eIBRS Not affected; BHI Not affected\"\n      },{\n         \"field\": \"Vulnerability Srbds:\",\n         \"data\": \"Not affected\"\n      },{\n         \"field\": \"Vulnerability Tsx async abort:\",\n         \"data\": \"Not affected\"\n      },{\n         \"field\": \"Vulnerability Vmscape:\",\n         \"data\": \"Mitigation; IBPB before exit to userspace\"\n      }\n   ]\n}",
    "memory": "total        used        free      shared  buff/cache   available\nMem:     134123823104 44068687872  6685429760    31899648 84844322816 90055135232\nSwap:              0           0           0",
    "nvidia_smi": "NVIDIA GeForce RTX 4090, GPU-53463b43-4824-720b-27ce-0c5ede05e02f, 570.195.03, 24564, 8.9, 450.00",
    "workspace_disk": "Filesystem                      1B-blocks             Used       Available Use% Mounted on\nmfs#euro.runpod.net:9421 2536021842853888 2040480302759936 495541540093952  81% /workspace"
  }
}
........................................................................ [ 55%]
.........................................................                [100%]
