/home/resort/Documents/repos/ThermoAgent/thermoagent/v5_figures.py:70: UserWarning: This figure includes Axes that are not compatible with tight_layout, so results might be incorrect.
  fig.tight_layout(rect=(0.0, 0.055, 1.0, 0.95))
/usr/lib/python3/dist-packages/matplotlib/cbook/__init__.py:1402: FutureWarning: Support for multi-dimensional indexing (e.g. `obj[:, None]`) is deprecated and will be removed in a future version.  Convert to a numpy array before indexing instead.
  ndim = x[:, None].ndim
/usr/lib/python3/dist-packages/matplotlib/axes/_base.py:276: FutureWarning: Support for multi-dimensional indexing (e.g. `obj[:, None]`) is deprecated and will be removed in a future version.  Convert to a numpy array before indexing instead.
  x = x[:, np.newaxis]
/usr/lib/python3/dist-packages/matplotlib/axes/_base.py:278: FutureWarning: Support for multi-dimensional indexing (e.g. `obj[:, None]`) is deprecated and will be removed in a future version.  Convert to a numpy array before indexing instead.
  y = y[:, np.newaxis]
figures/pdf/v5_architecture.pdf
figures/pdf/three_application_overview.pdf
figures/pdf/utility_restoration_multilayer_network.pdf
figures/pdf/distributed_entropy_communication_network.pdf
figures/pdf/energy_entropy_disagreement_phase_plane.pdf
figures/pdf/operator_dashboard_kpi_vs_entropy.pdf
figures/pdf/causal_alert_to_outcome_funnels.pdf
figures/pdf/feature_block_incremental_value.pdf
figures/pdf/paired_cluster_effect_forest.pdf
figures/pdf/fragmented_vs_public_interaction.pdf
figures/pdf/communication_cost_service_loss_pareto.pdf
figures/pdf/operator_effort_service_loss_pareto.pdf
figures/pdf/intervention_harm_benefit_distribution.pdf
figures/pdf/low_consensus_abstention.pdf
figures/pdf/multiseed_rl_learning_curves.pdf
figures/pdf/multiseed_policy_evaluation.pdf
figures/pdf/calibration_reliability.pdf
figures/pdf/competitive_panel_selection_comparison.pdf
figures/pdf/regime_specific_heterogeneity.pdf
figures/pdf/trigger_timing_and_false_alarms.pdf
dashboard_exports/commercial_populated_replay.svg
dashboard_exports/commercial_populated_replay.pdf
dashboard_exports/commercial_populated_replay.png
dashboard_exports/humanitarian_populated_replay.svg
dashboard_exports/humanitarian_populated_replay.pdf
dashboard_exports/humanitarian_populated_replay.png
dashboard_exports/utility_restoration_populated_replay.svg
dashboard_exports/utility_restoration_populated_replay.pdf
dashboard_exports/utility_restoration_populated_replay.png
dashboard_exports/metadata.json
figures/pdf/populated_operator_dashboard.pdf
