{
  "checkpoint_sha256": "59f29b713ba96b961d1ed7e9fcdb7c55d35efb01a89bccaf5f97a1f34f62e46c",
  "episodes": 192,
  "execution_features": "24 local features; entropy/free-energy fields zeroed",
  "final_window_primary_mean": 693.7295755377729,
  "generated_at": "2026-08-12T04:42:57.575145+00:00",
  "offline_initialization": {
    "balanced_rows_per_option": 256,
    "demonstration_episodes": 32,
    "demonstration_options": [
      0,
      1,
      2,
      3,
      4,
      5,
      6,
      7,
      8
    ],
    "demonstration_rows": 2304,
    "epochs": 12,
    "final_minibatch_accuracy_mean": 0.6714409722222222,
    "loss_mean": 1.1865446321942188,
    "method": "behavior cloning from scripted local-observation trajectories",
    "seed": 3018
  },
  "planner": "deterministic mock-v2",
  "training_method": "PPO, staged planner training",
  "training_seed": 3001,
  "variant": "no_entropy",
  "wall_clock_seconds": 17.551440309733152
}
{
  "checkpoint_sha256": "9cf5e60d30d520fbe9a42dcc8b2940354fe782bce6212a28f29066627d64ecf0",
  "episodes": 192,
  "execution_features": "24 local features; distributed entropy/free-energy fields present",
  "final_window_primary_mean": 689.2303557785788,
  "generated_at": "2026-08-12T04:43:19.535706+00:00",
  "offline_initialization": {
    "balanced_rows_per_option": 256,
    "demonstration_episodes": 32,
    "demonstration_options": [
      0,
      1,
      2,
      3,
      4,
      5,
      6,
      7,
      8
    ],
    "demonstration_rows": 2304,
    "epochs": 12,
    "final_minibatch_accuracy_mean": 0.6714409722222222,
    "loss_mean": 1.1865446321942188,
    "method": "behavior cloning from scripted local-observation trajectories",
    "seed": 3018
  },
  "planner": "deterministic mock-v2",
  "training_method": "PPO, staged planner training",
  "training_seed": 3001,
  "variant": "thermo",
  "wall_clock_seconds": 18.271224223077297
}
