{
  "alpha": 0.1,
  "calibration_source": "nominal scripted training episodes only",
  "energy_weights": [
    0.35,
    0.2,
    0.3,
    0.15
  ],
  "generated_at": "2026-08-12T06:53:05.786467+00:00",
  "horizon": 24,
  "monitor_selection": {
    "formulation": "pooled",
    "status": "provisional before monitor pilot",
    "window": 3
  },
  "n_feature_rows": 1920,
  "nominal_entropy_mean_before_refit": 0.3094866965491436,
  "role_reference_calibration": {
    "empirical_weight": 0.5,
    "gibbs_shrinkage_weight": 0.5,
    "laplace_alpha": 0.1,
    "rows_by_role": {
      "agency": 120,
      "carrier": 240,
      "clinic": 120,
      "depot": 240,
      "manufacturer": 240,
      "ngo": 240,
      "retailer": 120,
      "supplier": 240,
      "transport": 240,
      "warehouse": 120
    },
    "source": "same nominal scripted training episodes only"
  },
  "role_references": {
    "agency": [
      0.06780593238513018,
      0.52545432435311,
      0.03754287808923559,
      0.05595532248920966,
      0.03683521513730873,
      0.02429643672606683,
      0.04618839533916248,
      0.030430160341368556,
      0.020096064765803136,
      0.021905004142472775,
      0.014505351150455571,
      0.009652731472158506,
      0.018125115756988604,
      0.01202653751136265,
      0.008027149859497726,
      0.015009841959220458,
      0.009983571584360187,
      0.006687392891142912,
      0.007264374919913623,
      0.004904170453916701,
      0.0033563715707992,
      0.006058736026033869,
      0.0041135243212301045,
      0.002837873610667352,
      0.005065083602301604,
      0.0034618968314015183,
      0.0024105427096814775
    ],
    "carrier": [
      0.06760445007980993,
      0.5264818841102432,
      0.04155237596510839,
      0.05575384018388942,
      0.03663373283198849,
      0.02409495442074659,
      0.04598691303384224,
      0.030228678036048316,
      0.019894582460482896,
      0.021703521837152535,
      0.01430386884513533,
      0.009451249166838266,
      0.017923633451668364,
      0.01182505520604241,
      0.007825667554177485,
      0.014808359653900217,
      0.009782089279039946,
      0.006485910585822671,
      0.007062892614593382,
      0.00470268814859646,
      0.003154889265478959,
      0.005857253720713627,
      0.003912042015909863,
      0.002636391305347111,
      0.004863601296981363,
      0.003260414526081277,
      0.0022090604043612364
    ],
    "clinic": [
      0.06780593238513018,
      0.04460672859108884,
      0.03754287808923559,
      0.05595532248920966,
      0.03683521513730873,
      0.02429643672606683,
      0.04618839533916248,
      0.030430160341368556,
      0.020096064765803136,
      0.021905004142472775,
      0.014505351150455571,
      0.009652731472158506,
      0.018125115756988604,
      0.01202653751136265,
      0.008027149859497726,
      0.015009841959220458,
      0.009983571584360187,
      0.006687392891142912,
      0.007264374919913623,
      0.004904170453916701,
      0.48420396733282034,
      0.006058736026033869,
      0.0041135243212301045,
      0.002837873610667352,
      0.005065083602301604,
      0.0034618968314015183,
      0.0024105427096814775
    ],
    "depot": [
      0.06760445007980993,
      0.28544356519800596,
      0.2825906948773457,
      0.05575384018388942,
      0.03663373283198849,
      0.02409495442074659,
      0.04598691303384224,
      0.030228678036048316,
      0.019894582460482896,
      0.021703521837152535,
      0.01430386884513533,
      0.009451249166838266,
      0.017923633451668364,
      0.01182505520604241,
      0.007825667554177485,
      0.014808359653900217,
      0.009782089279039946,
      0.006485910585822671,
      0.007062892614593382,
      0.00470268814859646,
      0.003154889265478959,
      0.005857253720713627,
      0.003912042015909863,
      0.002636391305347111,
      0.004863601296981363,
      0.003260414526081277,
      0.0022090604043612364
    ],
    "manufacturer": [
      0.06760445007980993,
      0.0444052462857686,
      0.523629013789583,
      0.05575384018388942,
      0.03663373283198849,
      0.02409495442074659,
      0.04598691303384224,
      0.030228678036048316,
      0.019894582460482896,
      0.021703521837152535,
      0.01430386884513533,
      0.009451249166838266,
      0.017923633451668364,
      0.01182505520604241,
      0.007825667554177485,
      0.014808359653900217,
      0.009782089279039946,
      0.006485910585822671,
      0.007062892614593382,
      0.00470268814859646,
      0.003154889265478959,
      0.005857253720713627,
      0.003912042015909863,
      0.002636391305347111,
      0.004863601296981363,
      0.003260414526081277,
      0.0022090604043612364
    ],
    "ngo": [
      0.06760445007980993,
      0.5326623538259416,
      0.03537190624941,
      0.05575384018388942,
      0.03663373283198849,
      0.02409495442074659,
      0.04598691303384224,
      0.030228678036048316,
      0.019894582460482896,
      0.021703521837152535,
      0.01430386884513533,
      0.009451249166838266,
      0.017923633451668364,
      0.01182505520604241,
      0.007825667554177485,
      0.014808359653900217,
      0.009782089279039946,
      0.006485910585822671,
      0.007062892614593382,
      0.00470268814859646,
      0.003154889265478959,
      0.005857253720713627,
      0.003912042015909863,
      0.002636391305347111,
      0.004863601296981363,
      0.003260414526081277,
      0.0022090604043612364
    ],
    "retailer": [
      0.06780593238513018,
      0.04460672859108884,
      0.03346789846413372,
      0.05595532248920966,
      0.03683521513730873,
      0.02429643672606683,
      0.04618839533916248,
      0.030430160341368556,
      0.020096064765803136,
      0.021905004142472775,
      0.014505351150455571,
      0.017802690722362256,
      0.018125115756988604,
      0.01202653751136265,
      0.008027149859497726,
      0.015009841959220458,
      0.009983571584360187,
      0.006687392891142912,
      0.007264374919913623,
      0.004904170453916701,
      0.48012898770771845,
      0.006058736026033869,
      0.0041135243212301045,
      0.002837873610667352,
      0.005065083602301604,
      0.0034618968314015183,
      0.0024105427096814775
    ],
    "supplier": [
      0.06760445007980993,
      0.0444052462857686,
      0.523629013789583,
      0.05575384018388942,
      0.03663373283198849,
      0.02409495442074659,
      0.04598691303384224,
      0.030228678036048316,
      0.019894582460482896,
      0.021703521837152535,
      0.01430386884513533,
      0.009451249166838266,
      0.017923633451668364,
      0.01182505520604241,
      0.007825667554177485,
      0.014808359653900217,
      0.009782089279039946,
      0.006485910585822671,
      0.007062892614593382,
      0.00470268814859646,
      0.003154889265478959,
      0.005857253720713627,
      0.003912042015909863,
      0.002636391305347111,
      0.004863601296981363,
      0.003260414526081277,
      0.0022090604043612364
    ],
    "transport": [
      0.06760445007980993,
      0.5285420406821427,
      0.039492219393208926,
      0.05575384018388942,
      0.03663373283198849,
      0.02409495442074659,
      0.04598691303384224,
      0.030228678036048316,
      0.019894582460482896,
      0.021703521837152535,
      0.01430386884513533,
      0.009451249166838266,
      0.017923633451668364,
      0.01182505520604241,
      0.007825667554177485,
      0.014808359653900217,
      0.009782089279039946,
      0.006485910585822671,
      0.007062892614593382,
      0.00470268814859646,
      0.003154889265478959,
      0.005857253720713627,
      0.003912042015909863,
      0.002636391305347111,
      0.004863601296981363,
      0.003260414526081277,
      0.0022090604043612364
    ],
    "warehouse": [
      0.06780593238513018,
      0.52545432435311,
      0.03754287808923559,
      0.05595532248920966,
      0.03683521513730873,
      0.02429643672606683,
      0.04618839533916248,
      0.030430160341368556,
      0.020096064765803136,
      0.021905004142472775,
      0.014505351150455571,
      0.009652731472158506,
      0.018125115756988604,
      0.01202653751136265,
      0.008027149859497726,
      0.015009841959220458,
      0.009983571584360187,
      0.006687392891142912,
      0.007264374919913623,
      0.004904170453916701,
      0.0033563715707992,
      0.006058736026033869,
      0.0041135243212301045,
      0.002837873610667352,
      0.005065083602301604,
      0.0034618968314015183,
      0.0024105427096814775
    ]
  },
  "seeds": [
    101,
    102,
    103,
    104,
    105
  ],
  "temperature": 0.1896119180636096,
  "temperature_calibration": {
    "grid_max": 2.0,
    "grid_min": 0.05,
    "grid_points": 120,
    "method": "nominal occupancy KL minimization over fixed log grid",
    "nominal_kl_at_selected_temperature": 1.9273221888048317
  },
  "thresholds": [
    [
      0.05,
      0.1
    ],
    [
      0.05,
      0.1
    ],
    [
      0.007999999999999919,
      0.06399999999999997
    ]
  ]
}
{
  "comparisons": [
    {
      "entropy_shift_after_moderate_disruption": 0.0629712936519673,
      "formulation": "pooled",
      "free_energy_shift_after_moderate_disruption": -0.03078339116725029,
      "nominal_entropy_mean": 0.5834855526888825,
      "nominal_entropy_std": 0.026289233657156158,
      "nominal_stability_cv": 0.045055500579246927,
      "selection_score": 3.934495891308928,
      "sensitivity_score": 3.934495891308928,
      "window": 1
    },
    {
      "entropy_shift_after_moderate_disruption": 0.04053247900028595,
      "formulation": "pooled",
      "free_energy_shift_after_moderate_disruption": -0.03258688659025094,
      "nominal_entropy_mean": 0.42984453528337124,
      "nominal_entropy_std": 0.0493272443367712,
      "nominal_stability_cv": 0.11475601127336107,
      "selection_score": 2.2579941155745558,
      "sensitivity_score": 2.2579941155745558,
      "window": 3
    },
    {
      "entropy_shift_after_moderate_disruption": 0.04422910846381911,
      "formulation": "role_conditioned",
      "free_energy_shift_after_moderate_disruption": -0.02108918386151959,
      "nominal_entropy_mean": 0.7372451491667996,
      "nominal_entropy_std": 0.018760023576434685,
      "nominal_stability_cv": 0.02544611327403971,
      "selection_score": 3.265914616266935,
      "sensitivity_score": 3.265914616266935,
      "window": 1
    },
    {
      "entropy_shift_after_moderate_disruption": 0.022204745341560805,
      "formulation": "role_conditioned",
      "free_energy_shift_after_moderate_disruption": -0.02527806809863209,
      "nominal_entropy_mean": 0.569056191839046,
      "nominal_entropy_std": 0.05000521890736404,
      "nominal_stability_cv": 0.0878739562533531,
      "selection_score": 1.6028029484523871,
      "sensitivity_score": 1.6028029484523871,
      "window": 3
    }
  ],
  "generated_at": "2026-08-12T06:53:07.319284+00:00",
  "horizon": 18,
  "seeds": [
    501,
    502,
    503
  ],
  "selected": {
    "formulation": "pooled",
    "window": 1
  },
  "selection_rule": "maximize absolute disruption sensitivity with nominal CV penalty; no treatment outcomes used",
  "status": "selected before method comparison and main evaluation"
}
{
  "checkpoint_sha256": "220e6055da546901759352797412a3090662cdc0b8fb70f75aec50e987995467",
  "episodes": 192,
  "execution_features": "24 local features; entropy/free-energy fields zeroed",
  "final_window_primary_mean": 677.9243972102171,
  "generated_at": "2026-08-12T06:53:30.221731+00:00",
  "offline_initialization": {
    "balanced_rows_per_option": 256,
    "demonstration_episodes": 32,
    "demonstration_options": [
      0,
      1,
      2,
      3,
      4,
      5,
      6,
      7,
      8
    ],
    "demonstration_rows": 2304,
    "epochs": 12,
    "final_minibatch_accuracy_mean": 0.6817853009259259,
    "loss_mean": 1.174292865174788,
    "method": "behavior cloning from scripted local-observation trajectories",
    "seed": 3018
  },
  "planner": "deterministic mock-v2",
  "training_method": "PPO, staged planner training",
  "training_seed": 3001,
  "variant": "no_entropy",
  "wall_clock_seconds": 19.915612027049065
}
{
  "checkpoint_sha256": "06ac52124c58bf7fdf6c19c2fb1c511bc33761eb636b78e83ed2f72b9f392d65",
  "episodes": 192,
  "execution_features": "24 local features; distributed entropy/free-energy fields present",
  "final_window_primary_mean": 649.0595481121873,
  "generated_at": "2026-08-12T06:53:54.188701+00:00",
  "offline_initialization": {
    "balanced_rows_per_option": 256,
    "demonstration_episodes": 32,
    "demonstration_options": [
      0,
      1,
      2,
      3,
      4,
      5,
      6,
      7,
      8
    ],
    "demonstration_rows": 2304,
    "epochs": 12,
    "final_minibatch_accuracy_mean": 0.6817853009259259,
    "loss_mean": 1.174292865174788,
    "method": "behavior cloning from scripted local-observation trajectories",
    "seed": 3018
  },
  "planner": "deterministic mock-v2",
  "training_method": "PPO, staged planner training",
  "training_seed": 3001,
  "variant": "thermo",
  "wall_clock_seconds": 20.511789314448833
}
